// Jest Snapshot v1, https://goo.gl/fbAQLP

exports[`This is for the Modal Should render More Modal 1`] = `
<Modal>
  <Portal
    containerInfo={
      <div>
        <div>
          <div
            class="Modal__StyledModal-sc-1od4ot6-0 hYuCAL"
          >
            <div />
          </div>
        </div>
      </div>
    }
  >
    <div>
      <Modal__StyledModal>
        <div
          className="Modal__StyledModal-sc-1od4ot6-0 hYuCAL"
        >
          <div />
        </div>
      </Modal__StyledModal>
    </div>
  </Portal>
</Modal>
`;
