// Jest Snapshot v1, https://goo.gl/fbAQLP

exports[`Should show the default price Should render price correctly 1`] = `
<Price
  debug={true}
  price={40}
  sale={30}
>
  <Price__Discounted>
    <div
      className="Price__Discounted-eho440-1 kJaIWp"
    >
      <Price__SaleReg>
        <p
          className="Price__SaleReg-eho440-2 fMsqin"
        >
          $40
        </p>
      </Price__SaleReg>
      <Price__SalePrice>
        <p
          className="Price__SalePrice-eho440-3 fwUqGd"
        >
          $30
        </p>
      </Price__SalePrice>
    </div>
  </Price__Discounted>
</Price>
`;
