// Jest Snapshot v1, https://goo.gl/fbAQLP

exports[`Selectors Should render correctly 1`] = `
<Selectors
  debug={true}
  skus={
    Object {
      "407566": Object {
        "quantity": 8,
        "size": "XS",
      },
      "407567": Object {
        "quantity": 16,
        "size": "S",
      },
      "407568": Object {
        "quantity": 17,
        "size": "M",
      },
      "407569": Object {
        "quantity": 10,
        "size": "L",
      },
      "407570": Object {
        "quantity": 15,
        "size": "XL",
      },
      "407571": Object {
        "quantity": 6,
        "size": "XXL",
      },
    }
  }
>
  <Selectors__Wrapper>
    <div
      className="Selectors__Wrapper-sc-1txd6fn-0 hnvKpv"
    >
      <SizeDropdown
        list={
          Array [
            Object {
              "quantity": 8,
              "size": "XS",
            },
            Object {
              "quantity": 16,
              "size": "S",
            },
            Object {
              "quantity": 17,
              "size": "M",
            },
            Object {
              "quantity": 10,
              "size": "L",
            },
            Object {
              "quantity": 15,
              "size": "XL",
            },
            Object {
              "quantity": 6,
              "size": "XXL",
            },
          ]
        }
        resetThenSet={[Function]}
        title="SELECT SIZE"
      >
        <SizeDropdown__DDWrapper>
          <div
            className="SizeDropdown__DDWrapper-u3ohyw-0 knauff"
          >
            <SizeDropdown__DDHeader
              onClick={[Function]}
            >
              <button
                className="SizeDropdown__DDHeader-u3ohyw-1 dFNLhV"
                onClick={[Function]}
              >
                <SizeDropdown__DDHeaderTitle>
                  <div
                    className="SizeDropdown__DDHeaderTitle-u3ohyw-2 fzssNQ"
                  >
                    SELECT SIZE
                  </div>
                </SizeDropdown__DDHeaderTitle>
                <FontAwesome
                  name="angle-down"
                  size="2x"
                >
                  <span
                    aria-hidden={true}
                    className="fa fa-angle-down fa-2x"
                  />
                </FontAwesome>
              </button>
            </SizeDropdown__DDHeader>
          </div>
        </SizeDropdown__DDWrapper>
      </SizeDropdown>
      <QuantityDropdown
        available={null}
        list={
          Array [
            1,
            2,
            3,
            4,
            5,
            6,
            7,
            8,
            9,
            10,
            11,
            12,
            13,
            14,
            15,
          ]
        }
        resetThenSet={[Function]}
        title="–"
      >
        <QuantityDropdown__DDWrapper>
          <div
            className="QuantityDropdown__DDWrapper-sc-1fwgee9-0 kbjxSC"
          >
            <QuantityDropdown__DDHeader
              onClick={[Function]}
            >
              <button
                className="QuantityDropdown__DDHeader-sc-1fwgee9-1 liwBJT"
                onClick={[Function]}
              >
                <QuantityDropdown__DDHeaderTitle>
                  <div
                    className="QuantityDropdown__DDHeaderTitle-sc-1fwgee9-2 kBnByu"
                  >
                    –
                  </div>
                </QuantityDropdown__DDHeaderTitle>
                <FontAwesome
                  name="angle-down"
                  size="2x"
                >
                  <span
                    aria-hidden={true}
                    className="fa fa-angle-down fa-2x"
                  />
                </FontAwesome>
              </button>
            </QuantityDropdown__DDHeader>
          </div>
        </QuantityDropdown__DDWrapper>
      </QuantityDropdown>
    </div>
  </Selectors__Wrapper>
</Selectors>
`;
